// Jest Snapshot v1, https://goo.gl/fbAQLP

exports[`Home Render Home 1`] = `undefined`;
